  Determining projects to restore...
C:\Users\marte\Documents\leanflow-agentic-mrp2-sovereign\src\LeanFlow.Api\LeanFlow.Api.csproj : warning NU1603: LeanFlow.Application depends on Microsoft.SemanticKernel.Agents.Core (>= 1.28.0) but Microsoft.SemanticKernel.Agents.Core 1.28.0 was not found. An approximate best match of Microsoft.SemanticKernel.Agents.Core 1.45.0 was resolved. [C:\Users\marte\Documents\leanflow-agentic-mrp2-sovereign\LeanFlowAgenticMRP2.sln]
C:\Users\marte\Documents\leanflow-agentic-mrp2-sovereign\src\LeanFlow.Infrastructure\LeanFlow.Infrastructure.csproj : warning NU1603: LeanFlow.Application depends on Microsoft.SemanticKernel.Agents.Core (>= 1.28.0) but Microsoft.SemanticKernel.Agents.Core 1.28.0 was not found. An approximate best match of Microsoft.SemanticKernel.Agents.Core 1.45.0 was resolved. [C:\Users\marte\Documents\leanflow-agentic-mrp2-sovereign\LeanFlowAgenticMRP2.sln]
C:\Users\marte\Documents\leanflow-agentic-mrp2-sovereign\src\LeanFlow.Application\LeanFlow.Application.csproj : warning NU1603: LeanFlow.Application depends on Microsoft.SemanticKernel.Agents.Core (>= 1.28.0) but Microsoft.SemanticKernel.Agents.Core 1.28.0 was not found. An approximate best match of Microsoft.SemanticKernel.Agents.Core 1.45.0 was resolved. [C:\Users\marte\Documents\leanflow-agentic-mrp2-sovereign\LeanFlowAgenticMRP2.sln]
C:\Users\marte\Documents\leanflow-agentic-mrp2-sovereign\src\LeanFlow.Tests\LeanFlow.Tests.csproj : warning NU1603: LeanFlow.Application depends on Microsoft.SemanticKernel.Agents.Core (>= 1.28.0) but Microsoft.SemanticKernel.Agents.Core 1.28.0 was not found. An approximate best match of Microsoft.SemanticKernel.Agents.Core 1.45.0 was resolved. [C:\Users\marte\Documents\leanflow-agentic-mrp2-sovereign\LeanFlowAgenticMRP2.sln]
  All projects are up-to-date for restore.
C:\Users\marte\Documents\leanflow-agentic-mrp2-sovereign\src\LeanFlow.Application\LeanFlow.Application.csproj : warning NU1603: LeanFlow.Application depends on Microsoft.SemanticKernel.Agents.Core (>= 1.28.0) but Microsoft.SemanticKernel.Agents.Core 1.28.0 was not found. An approximate best match of Microsoft.SemanticKernel.Agents.Core 1.45.0 was resolved.
C:\Users\marte\Documents\leanflow-agentic-mrp2-sovereign\src\LeanFlow.Infrastructure\LeanFlow.Infrastructure.csproj : warning NU1603: LeanFlow.Application depends on Microsoft.SemanticKernel.Agents.Core (>= 1.28.0) but Microsoft.SemanticKernel.Agents.Core 1.28.0 was not found. An approximate best match of Microsoft.SemanticKernel.Agents.Core 1.45.0 was resolved.
C:\Users\marte\Documents\leanflow-agentic-mrp2-sovereign\src\LeanFlow.Tests\LeanFlow.Tests.csproj : warning NU1603: LeanFlow.Application depends on Microsoft.SemanticKernel.Agents.Core (>= 1.28.0) but Microsoft.SemanticKernel.Agents.Core 1.28.0 was not found. An approximate best match of Microsoft.SemanticKernel.Agents.Core 1.45.0 was resolved.
C:\Users\marte\Documents\leanflow-agentic-mrp2-sovereign\src\LeanFlow.Api\LeanFlow.Api.csproj : warning NU1603: LeanFlow.Application depends on Microsoft.SemanticKernel.Agents.Core (>= 1.28.0) but Microsoft.SemanticKernel.Agents.Core 1.28.0 was not found. An approximate best match of Microsoft.SemanticKernel.Agents.Core 1.45.0 was resolved.
  LeanFlow.Domain -> C:\Users\marte\Documents\leanflow-agentic-mrp2-sovereign\src\LeanFlow.Domain\bin\Debug\net8.0\LeanFlow.Domain.dll
  LeanFlow.Application -> C:\Users\marte\Documents\leanflow-agentic-mrp2-sovereign\src\LeanFlow.Application\bin\Debug\net8.0\LeanFlow.Application.dll
  LeanFlow.Infrastructure -> C:\Users\marte\Documents\leanflow-agentic-mrp2-sovereign\src\LeanFlow.Infrastructure\bin\Debug\net8.0\LeanFlow.Infrastructure.dll
  LeanFlow.Tests -> C:\Users\marte\Documents\leanflow-agentic-mrp2-sovereign\src\LeanFlow.Tests\bin\Debug\net8.0\LeanFlow.Tests.dll
C:\Program Files\dotnet\sdk\8.0.419\Microsoft.Common.CurrentVersion.targets(5034,5): warning MSB3026: Could not copy "C:\Users\marte\Documents\leanflow-agentic-mrp2-sovereign\src\LeanFlow.Application\bin\Debug\net8.0\LeanFlow.Application.dll" to "bin\Debug\net8.0\LeanFlow.Application.dll". Beginning retry 1 in 1000ms. The process cannot access the file 'C:\Users\marte\Documents\leanflow-agentic-mrp2-sovereign\src\LeanFlow.Api\bin\Debug\net8.0\LeanFlow.Application.dll' because it is being used by another process. The file is locked by: "LeanFlow.Api (16044)" [C:\Users\marte\Documents\leanflow-agentic-mrp2-sovereign\src\LeanFlow.Api\LeanFlow.Api.csproj]
C:\Program Files\dotnet\sdk\8.0.419\Microsoft.Common.CurrentVersion.targets(5034,5): warning MSB3026: Could not copy "C:\Users\marte\Documents\leanflow-agentic-mrp2-sovereign\src\LeanFlow.Domain\bin\Debug\net8.0\LeanFlow.Domain.dll" to "bin\Debug\net8.0\LeanFlow.Domain.dll". Beginning retry 1 in 1000ms. The process cannot access the file 'C:\Users\marte\Documents\leanflow-agentic-mrp2-sovereign\src\LeanFlow.Api\bin\Debug\net8.0\LeanFlow.Domain.dll' because it is being used by another process. The file is locked by: "LeanFlow.Api (16044)" [C:\Users\marte\Documents\leanflow-agentic-mrp2-sovereign\src\LeanFlow.Api\LeanFlow.Api.csproj]
C:\Program Files\dotnet\sdk\8.0.419\Microsoft.Common.CurrentVersion.targets(5034,5): warning MSB3026: Could not copy "C:\Users\marte\Documents\leanflow-agentic-mrp2-sovereign\src\LeanFlow.Application\bin\Debug\net8.0\LeanFlow.Application.dll" to "bin\Debug\net8.0\LeanFlow.Application.dll". Beginning retry 2 in 1000ms. The process cannot access the file 'C:\Users\marte\Documents\leanflow-agentic-mrp2-sovereign\src\LeanFlow.Api\bin\Debug\net8.0\LeanFlow.Application.dll' because it is being used by another process. The file is locked by: "LeanFlow.Api (16044)" [C:\Users\marte\Documents\leanflow-agentic-mrp2-sovereign\src\LeanFlow.Api\LeanFlow.Api.csproj]
C:\Program Files\dotnet\sdk\8.0.419\Microsoft.Common.CurrentVersion.targets(5034,5): warning MSB3026: Could not copy "C:\Users\marte\Documents\leanflow-agentic-mrp2-sovereign\src\LeanFlow.Domain\bin\Debug\net8.0\LeanFlow.Domain.dll" to "bin\Debug\net8.0\LeanFlow.Domain.dll". Beginning retry 2 in 1000ms. The process cannot access the file 'C:\Users\marte\Documents\leanflow-agentic-mrp2-sovereign\src\LeanFlow.Api\bin\Debug\net8.0\LeanFlow.Domain.dll' because it is being used by another process. The file is locked by: "LeanFlow.Api (16044)" [C:\Users\marte\Documents\leanflow-agentic-mrp2-sovereign\src\LeanFlow.Api\LeanFlow.Api.csproj]
C:\Program Files\dotnet\sdk\8.0.419\Microsoft.Common.CurrentVersion.targets(5034,5): warning MSB3026: Could not copy "C:\Users\marte\Documents\leanflow-agentic-mrp2-sovereign\src\LeanFlow.Application\bin\Debug\net8.0\LeanFlow.Application.dll" to "bin\Debug\net8.0\LeanFlow.Application.dll". Beginning retry 3 in 1000ms. The process cannot access the file 'C:\Users\marte\Documents\leanflow-agentic-mrp2-sovereign\src\LeanFlow.Api\bin\Debug\net8.0\LeanFlow.Application.dll' because it is being used by another process. The file is locked by: "LeanFlow.Api (16044)" [C:\Users\marte\Documents\leanflow-agentic-mrp2-sovereign\src\LeanFlow.Api\LeanFlow.Api.csproj]
C:\Program Files\dotnet\sdk\8.0.419\Microsoft.Common.CurrentVersion.targets(5034,5): warning MSB3026: Could not copy "C:\Users\marte\Documents\leanflow-agentic-mrp2-sovereign\src\LeanFlow.Domain\bin\Debug\net8.0\LeanFlow.Domain.dll" to "bin\Debug\net8.0\LeanFlow.Domain.dll". Beginning retry 3 in 1000ms. The process cannot access the file 'C:\Users\marte\Documents\leanflow-agentic-mrp2-sovereign\src\LeanFlow.Api\bin\Debug\net8.0\LeanFlow.Domain.dll' because it is being used by another process. The file is locked by: "LeanFlow.Api (16044)" [C:\Users\marte\Documents\leanflow-agentic-mrp2-sovereign\src\LeanFlow.Api\LeanFlow.Api.csproj]
C:\Program Files\dotnet\sdk\8.0.419\Microsoft.Common.CurrentVersion.targets(5034,5): warning MSB3026: Could not copy "C:\Users\marte\Documents\leanflow-agentic-mrp2-sovereign\src\LeanFlow.Domain\bin\Debug\net8.0\LeanFlow.Domain.dll" to "bin\Debug\net8.0\LeanFlow.Domain.dll". Beginning retry 4 in 1000ms. The process cannot access the file 'C:\Users\marte\Documents\leanflow-agentic-mrp2-sovereign\src\LeanFlow.Api\bin\Debug\net8.0\LeanFlow.Domain.dll' because it is being used by another process. The file is locked by: "LeanFlow.Api (16044)" [C:\Users\marte\Documents\leanflow-agentic-mrp2-sovereign\src\LeanFlow.Api\LeanFlow.Api.csproj]
C:\Program Files\dotnet\sdk\8.0.419\Microsoft.Common.CurrentVersion.targets(5034,5): warning MSB3026: Could not copy "C:\Users\marte\Documents\leanflow-agentic-mrp2-sovereign\src\LeanFlow.Application\bin\Debug\net8.0\LeanFlow.Application.dll" to "bin\Debug\net8.0\LeanFlow.Application.dll". Beginning retry 4 in 1000ms. The process cannot access the file 'C:\Users\marte\Documents\leanflow-agentic-mrp2-sovereign\src\LeanFlow.Api\bin\Debug\net8.0\LeanFlow.Application.dll' because it is being used by another process. The file is locked by: "LeanFlow.Api (16044)" [C:\Users\marte\Documents\leanflow-agentic-mrp2-sovereign\src\LeanFlow.Api\LeanFlow.Api.csproj]
C:\Program Files\dotnet\sdk\8.0.419\Microsoft.Common.CurrentVersion.targets(5034,5): warning MSB3026: Could not copy "C:\Users\marte\Documents\leanflow-agentic-mrp2-sovereign\src\LeanFlow.Application\bin\Debug\net8.0\LeanFlow.Application.dll" to "bin\Debug\net8.0\LeanFlow.Application.dll". Beginning retry 5 in 1000ms. The process cannot access the file 'C:\Users\marte\Documents\leanflow-agentic-mrp2-sovereign\src\LeanFlow.Api\bin\Debug\net8.0\LeanFlow.Application.dll' because it is being used by another process. The file is locked by: "LeanFlow.Api (16044)" [C:\Users\marte\Documents\leanflow-agentic-mrp2-sovereign\src\LeanFlow.Api\LeanFlow.Api.csproj]
C:\Program Files\dotnet\sdk\8.0.419\Microsoft.Common.CurrentVersion.targets(5034,5): warning MSB3026: Could not copy "C:\Users\marte\Documents\leanflow-agentic-mrp2-sovereign\src\LeanFlow.Domain\bin\Debug\net8.0\LeanFlow.Domain.dll" to "bin\Debug\net8.0\LeanFlow.Domain.dll". Beginning retry 5 in 1000ms. The process cannot access the file 'C:\Users\marte\Documents\leanflow-agentic-mrp2-sovereign\src\LeanFlow.Api\bin\Debug\net8.0\LeanFlow.Domain.dll' because it is being used by another process. The file is locked by: "LeanFlow.Api (16044)" [C:\Users\marte\Documents\leanflow-agentic-mrp2-sovereign\src\LeanFlow.Api\LeanFlow.Api.csproj]
C:\Program Files\dotnet\sdk\8.0.419\Microsoft.Common.CurrentVersion.targets(5034,5): warning MSB3026: Could not copy "C:\Users\marte\Documents\leanflow-agentic-mrp2-sovereign\src\LeanFlow.Application\bin\Debug\net8.0\LeanFlow.Application.dll" to "bin\Debug\net8.0\LeanFlow.Application.dll". Beginning retry 6 in 1000ms. The process cannot access the file 'C:\Users\marte\Documents\leanflow-agentic-mrp2-sovereign\src\LeanFlow.Api\bin\Debug\net8.0\LeanFlow.Application.dll' because it is being used by another process. The file is locked by: "LeanFlow.Api (16044)" [C:\Users\marte\Documents\leanflow-agentic-mrp2-sovereign\src\LeanFlow.Api\LeanFlow.Api.csproj]
C:\Program Files\dotnet\sdk\8.0.419\Microsoft.Common.CurrentVersion.targets(5034,5): warning MSB3026: Could not copy "C:\Users\marte\Documents\leanflow-agentic-mrp2-sovereign\src\LeanFlow.Domain\bin\Debug\net8.0\LeanFlow.Domain.dll" to "bin\Debug\net8.0\LeanFlow.Domain.dll". Beginning retry 6 in 1000ms. The process cannot access the file 'C:\Users\marte\Documents\leanflow-agentic-mrp2-sovereign\src\LeanFlow.Api\bin\Debug\net8.0\LeanFlow.Domain.dll' because it is being used by another process. The file is locked by: "LeanFlow.Api (16044)" [C:\Users\marte\Documents\leanflow-agentic-mrp2-sovereign\src\LeanFlow.Api\LeanFlow.Api.csproj]
C:\Program Files\dotnet\sdk\8.0.419\Microsoft.Common.CurrentVersion.targets(5034,5): warning MSB3026: Could not copy "C:\Users\marte\Documents\leanflow-agentic-mrp2-sovereign\src\LeanFlow.Application\bin\Debug\net8.0\LeanFlow.Application.dll" to "bin\Debug\net8.0\LeanFlow.Application.dll". Beginning retry 7 in 1000ms. The process cannot access the file 'C:\Users\marte\Documents\leanflow-agentic-mrp2-sovereign\src\LeanFlow.Api\bin\Debug\net8.0\LeanFlow.Application.dll' because it is being used by another process. The file is locked by: "LeanFlow.Api (16044)" [C:\Users\marte\Documents\leanflow-agentic-mrp2-sovereign\src\LeanFlow.Api\LeanFlow.Api.csproj]
C:\Program Files\dotnet\sdk\8.0.419\Microsoft.Common.CurrentVersion.targets(5034,5): warning MSB3026: Could not copy "C:\Users\marte\Documents\leanflow-agentic-mrp2-sovereign\src\LeanFlow.Domain\bin\Debug\net8.0\LeanFlow.Domain.dll" to "bin\Debug\net8.0\LeanFlow.Domain.dll". Beginning retry 7 in 1000ms. The process cannot access the file 'C:\Users\marte\Documents\leanflow-agentic-mrp2-sovereign\src\LeanFlow.Api\bin\Debug\net8.0\LeanFlow.Domain.dll' because it is being used by another process. The file is locked by: "LeanFlow.Api (16044)" [C:\Users\marte\Documents\leanflow-agentic-mrp2-sovereign\src\LeanFlow.Api\LeanFlow.Api.csproj]
C:\Program Files\dotnet\sdk\8.0.419\Microsoft.Common.CurrentVersion.targets(5034,5): warning MSB3026: Could not copy "C:\Users\marte\Documents\leanflow-agentic-mrp2-sovereign\src\LeanFlow.Application\bin\Debug\net8.0\LeanFlow.Application.dll" to "bin\Debug\net8.0\LeanFlow.Application.dll". Beginning retry 8 in 1000ms. The process cannot access the file 'C:\Users\marte\Documents\leanflow-agentic-mrp2-sovereign\src\LeanFlow.Api\bin\Debug\net8.0\LeanFlow.Application.dll' because it is being used by another process. The file is locked by: "LeanFlow.Api (16044)" [C:\Users\marte\Documents\leanflow-agentic-mrp2-sovereign\src\LeanFlow.Api\LeanFlow.Api.csproj]
C:\Program Files\dotnet\sdk\8.0.419\Microsoft.Common.CurrentVersion.targets(5034,5): warning MSB3026: Could not copy "C:\Users\marte\Documents\leanflow-agentic-mrp2-sovereign\src\LeanFlow.Domain\bin\Debug\net8.0\LeanFlow.Domain.dll" to "bin\Debug\net8.0\LeanFlow.Domain.dll". Beginning retry 8 in 1000ms. The process cannot access the file 'C:\Users\marte\Documents\leanflow-agentic-mrp2-sovereign\src\LeanFlow.Api\bin\Debug\net8.0\LeanFlow.Domain.dll' because it is being used by another process. The file is locked by: "LeanFlow.Api (16044)" [C:\Users\marte\Documents\leanflow-agentic-mrp2-sovereign\src\LeanFlow.Api\LeanFlow.Api.csproj]
C:\Program Files\dotnet\sdk\8.0.419\Microsoft.Common.CurrentVersion.targets(5034,5): warning MSB3026: Could not copy "C:\Users\marte\Documents\leanflow-agentic-mrp2-sovereign\src\LeanFlow.Application\bin\Debug\net8.0\LeanFlow.Application.dll" to "bin\Debug\net8.0\LeanFlow.Application.dll". Beginning retry 9 in 1000ms. The process cannot access the file 'C:\Users\marte\Documents\leanflow-agentic-mrp2-sovereign\src\LeanFlow.Api\bin\Debug\net8.0\LeanFlow.Application.dll' because it is being used by another process. The file is locked by: "LeanFlow.Api (16044)" [C:\Users\marte\Documents\leanflow-agentic-mrp2-sovereign\src\LeanFlow.Api\LeanFlow.Api.csproj]
C:\Program Files\dotnet\sdk\8.0.419\Microsoft.Common.CurrentVersion.targets(5034,5): warning MSB3026: Could not copy "C:\Users\marte\Documents\leanflow-agentic-mrp2-sovereign\src\LeanFlow.Domain\bin\Debug\net8.0\LeanFlow.Domain.dll" to "bin\Debug\net8.0\LeanFlow.Domain.dll". Beginning retry 9 in 1000ms. The process cannot access the file 'C:\Users\marte\Documents\leanflow-agentic-mrp2-sovereign\src\LeanFlow.Api\bin\Debug\net8.0\LeanFlow.Domain.dll' because it is being used by another process. The file is locked by: "LeanFlow.Api (16044)" [C:\Users\marte\Documents\leanflow-agentic-mrp2-sovereign\src\LeanFlow.Api\LeanFlow.Api.csproj]
C:\Program Files\dotnet\sdk\8.0.419\Microsoft.Common.CurrentVersion.targets(5034,5): warning MSB3026: Could not copy "C:\Users\marte\Documents\leanflow-agentic-mrp2-sovereign\src\LeanFlow.Application\bin\Debug\net8.0\LeanFlow.Application.dll" to "bin\Debug\net8.0\LeanFlow.Application.dll". Beginning retry 10 in 1000ms. The process cannot access the file 'C:\Users\marte\Documents\leanflow-agentic-mrp2-sovereign\src\LeanFlow.Api\bin\Debug\net8.0\LeanFlow.Application.dll' because it is being used by another process. The file is locked by: "LeanFlow.Api (16044)" [C:\Users\marte\Documents\leanflow-agentic-mrp2-sovereign\src\LeanFlow.Api\LeanFlow.Api.csproj]
C:\Program Files\dotnet\sdk\8.0.419\Microsoft.Common.CurrentVersion.targets(5034,5): warning MSB3026: Could not copy "C:\Users\marte\Documents\leanflow-agentic-mrp2-sovereign\src\LeanFlow.Domain\bin\Debug\net8.0\LeanFlow.Domain.dll" to "bin\Debug\net8.0\LeanFlow.Domain.dll". Beginning retry 10 in 1000ms. The process cannot access the file 'C:\Users\marte\Documents\leanflow-agentic-mrp2-sovereign\src\LeanFlow.Api\bin\Debug\net8.0\LeanFlow.Domain.dll' because it is being used by another process. The file is locked by: "LeanFlow.Api (16044)" [C:\Users\marte\Documents\leanflow-agentic-mrp2-sovereign\src\LeanFlow.Api\LeanFlow.Api.csproj]
C:\Program Files\dotnet\sdk\8.0.419\Microsoft.Common.CurrentVersion.targets(5034,5): error MSB3027: Could not copy "C:\Users\marte\Documents\leanflow-agentic-mrp2-sovereign\src\LeanFlow.Application\bin\Debug\net8.0\LeanFlow.Application.dll" to "bin\Debug\net8.0\LeanFlow.Application.dll". Exceeded retry count of 10. Failed. The file is locked by: "LeanFlow.Api (16044)" [C:\Users\marte\Documents\leanflow-agentic-mrp2-sovereign\src\LeanFlow.Api\LeanFlow.Api.csproj]
C:\Program Files\dotnet\sdk\8.0.419\Microsoft.Common.CurrentVersion.targets(5034,5): error MSB3021: Unable to copy file "C:\Users\marte\Documents\leanflow-agentic-mrp2-sovereign\src\LeanFlow.Application\bin\Debug\net8.0\LeanFlow.Application.dll" to "bin\Debug\net8.0\LeanFlow.Application.dll". The process cannot access the file 'C:\Users\marte\Documents\leanflow-agentic-mrp2-sovereign\src\LeanFlow.Api\bin\Debug\net8.0\LeanFlow.Application.dll' because it is being used by another process. [C:\Users\marte\Documents\leanflow-agentic-mrp2-sovereign\src\LeanFlow.Api\LeanFlow.Api.csproj]
C:\Program Files\dotnet\sdk\8.0.419\Microsoft.Common.CurrentVersion.targets(5034,5): error MSB3027: Could not copy "C:\Users\marte\Documents\leanflow-agentic-mrp2-sovereign\src\LeanFlow.Domain\bin\Debug\net8.0\LeanFlow.Domain.dll" to "bin\Debug\net8.0\LeanFlow.Domain.dll". Exceeded retry count of 10. Failed. The file is locked by: "LeanFlow.Api (16044)" [C:\Users\marte\Documents\leanflow-agentic-mrp2-sovereign\src\LeanFlow.Api\LeanFlow.Api.csproj]
C:\Program Files\dotnet\sdk\8.0.419\Microsoft.Common.CurrentVersion.targets(5034,5): error MSB3021: Unable to copy file "C:\Users\marte\Documents\leanflow-agentic-mrp2-sovereign\src\LeanFlow.Domain\bin\Debug\net8.0\LeanFlow.Domain.dll" to "bin\Debug\net8.0\LeanFlow.Domain.dll". The process cannot access the file 'C:\Users\marte\Documents\leanflow-agentic-mrp2-sovereign\src\LeanFlow.Api\bin\Debug\net8.0\LeanFlow.Domain.dll' because it is being used by another process. [C:\Users\marte\Documents\leanflow-agentic-mrp2-sovereign\src\LeanFlow.Api\LeanFlow.Api.csproj]

Build FAILED.

C:\Users\marte\Documents\leanflow-agentic-mrp2-sovereign\src\LeanFlow.Api\LeanFlow.Api.csproj : warning NU1603: LeanFlow.Application depends on Microsoft.SemanticKernel.Agents.Core (>= 1.28.0) but Microsoft.SemanticKernel.Agents.Core 1.28.0 was not found. An approximate best match of Microsoft.SemanticKernel.Agents.Core 1.45.0 was resolved. [C:\Users\marte\Documents\leanflow-agentic-mrp2-sovereign\LeanFlowAgenticMRP2.sln]
C:\Users\marte\Documents\leanflow-agentic-mrp2-sovereign\src\LeanFlow.Infrastructure\LeanFlow.Infrastructure.csproj : warning NU1603: LeanFlow.Application depends on Microsoft.SemanticKernel.Agents.Core (>= 1.28.0) but Microsoft.SemanticKernel.Agents.Core 1.28.0 was not found. An approximate best match of Microsoft.SemanticKernel.Agents.Core 1.45.0 was resolved. [C:\Users\marte\Documents\leanflow-agentic-mrp2-sovereign\LeanFlowAgenticMRP2.sln]
C:\Users\marte\Documents\leanflow-agentic-mrp2-sovereign\src\LeanFlow.Application\LeanFlow.Application.csproj : warning NU1603: LeanFlow.Application depends on Microsoft.SemanticKernel.Agents.Core (>= 1.28.0) but Microsoft.SemanticKernel.Agents.Core 1.28.0 was not found. An approximate best match of Microsoft.SemanticKernel.Agents.Core 1.45.0 was resolved. [C:\Users\marte\Documents\leanflow-agentic-mrp2-sovereign\LeanFlowAgenticMRP2.sln]
C:\Users\marte\Documents\leanflow-agentic-mrp2-sovereign\src\LeanFlow.Tests\LeanFlow.Tests.csproj : warning NU1603: LeanFlow.Application depends on Microsoft.SemanticKernel.Agents.Core (>= 1.28.0) but Microsoft.SemanticKernel.Agents.Core 1.28.0 was not found. An approximate best match of Microsoft.SemanticKernel.Agents.Core 1.45.0 was resolved. [C:\Users\marte\Documents\leanflow-agentic-mrp2-sovereign\LeanFlowAgenticMRP2.sln]
C:\Users\marte\Documents\leanflow-agentic-mrp2-sovereign\src\LeanFlow.Application\LeanFlow.Application.csproj : warning NU1603: LeanFlow.Application depends on Microsoft.SemanticKernel.Agents.Core (>= 1.28.0) but Microsoft.SemanticKernel.Agents.Core 1.28.0 was not found. An approximate best match of Microsoft.SemanticKernel.Agents.Core 1.45.0 was resolved.
C:\Users\marte\Documents\leanflow-agentic-mrp2-sovereign\src\LeanFlow.Infrastructure\LeanFlow.Infrastructure.csproj : warning NU1603: LeanFlow.Application depends on Microsoft.SemanticKernel.Agents.Core (>= 1.28.0) but Microsoft.SemanticKernel.Agents.Core 1.28.0 was not found. An approximate best match of Microsoft.SemanticKernel.Agents.Core 1.45.0 was resolved.
C:\Users\marte\Documents\leanflow-agentic-mrp2-sovereign\src\LeanFlow.Tests\LeanFlow.Tests.csproj : warning NU1603: LeanFlow.Application depends on Microsoft.SemanticKernel.Agents.Core (>= 1.28.0) but Microsoft.SemanticKernel.Agents.Core 1.28.0 was not found. An approximate best match of Microsoft.SemanticKernel.Agents.Core 1.45.0 was resolved.
C:\Users\marte\Documents\leanflow-agentic-mrp2-sovereign\src\LeanFlow.Api\LeanFlow.Api.csproj : warning NU1603: LeanFlow.Application depends on Microsoft.SemanticKernel.Agents.Core (>= 1.28.0) but Microsoft.SemanticKernel.Agents.Core 1.28.0 was not found. An approximate best match of Microsoft.SemanticKernel.Agents.Core 1.45.0 was resolved.
C:\Program Files\dotnet\sdk\8.0.419\Microsoft.Common.CurrentVersion.targets(5034,5): warning MSB3026: Could not copy "C:\Users\marte\Documents\leanflow-agentic-mrp2-sovereign\src\LeanFlow.Application\bin\Debug\net8.0\LeanFlow.Application.dll" to "bin\Debug\net8.0\LeanFlow.Application.dll". Beginning retry 1 in 1000ms. The process cannot access the file 'C:\Users\marte\Documents\leanflow-agentic-mrp2-sovereign\src\LeanFlow.Api\bin\Debug\net8.0\LeanFlow.Application.dll' because it is being used by another process. The file is locked by: "LeanFlow.Api (16044)" [C:\Users\marte\Documents\leanflow-agentic-mrp2-sovereign\src\LeanFlow.Api\LeanFlow.Api.csproj]
C:\Program Files\dotnet\sdk\8.0.419\Microsoft.Common.CurrentVersion.targets(5034,5): warning MSB3026: Could not copy "C:\Users\marte\Documents\leanflow-agentic-mrp2-sovereign\src\LeanFlow.Domain\bin\Debug\net8.0\LeanFlow.Domain.dll" to "bin\Debug\net8.0\LeanFlow.Domain.dll". Beginning retry 1 in 1000ms. The process cannot access the file 'C:\Users\marte\Documents\leanflow-agentic-mrp2-sovereign\src\LeanFlow.Api\bin\Debug\net8.0\LeanFlow.Domain.dll' because it is being used by another process. The file is locked by: "LeanFlow.Api (16044)" [C:\Users\marte\Documents\leanflow-agentic-mrp2-sovereign\src\LeanFlow.Api\LeanFlow.Api.csproj]
C:\Program Files\dotnet\sdk\8.0.419\Microsoft.Common.CurrentVersion.targets(5034,5): warning MSB3026: Could not copy "C:\Users\marte\Documents\leanflow-agentic-mrp2-sovereign\src\LeanFlow.Application\bin\Debug\net8.0\LeanFlow.Application.dll" to "bin\Debug\net8.0\LeanFlow.Application.dll". Beginning retry 2 in 1000ms. The process cannot access the file 'C:\Users\marte\Documents\leanflow-agentic-mrp2-sovereign\src\LeanFlow.Api\bin\Debug\net8.0\LeanFlow.Application.dll' because it is being used by another process. The file is locked by: "LeanFlow.Api (16044)" [C:\Users\marte\Documents\leanflow-agentic-mrp2-sovereign\src\LeanFlow.Api\LeanFlow.Api.csproj]
C:\Program Files\dotnet\sdk\8.0.419\Microsoft.Common.CurrentVersion.targets(5034,5): warning MSB3026: Could not copy "C:\Users\marte\Documents\leanflow-agentic-mrp2-sovereign\src\LeanFlow.Domain\bin\Debug\net8.0\LeanFlow.Domain.dll" to "bin\Debug\net8.0\LeanFlow.Domain.dll". Beginning retry 2 in 1000ms. The process cannot access the file 'C:\Users\marte\Documents\leanflow-agentic-mrp2-sovereign\src\LeanFlow.Api\bin\Debug\net8.0\LeanFlow.Domain.dll' because it is being used by another process. The file is locked by: "LeanFlow.Api (16044)" [C:\Users\marte\Documents\leanflow-agentic-mrp2-sovereign\src\LeanFlow.Api\LeanFlow.Api.csproj]
C:\Program Files\dotnet\sdk\8.0.419\Microsoft.Common.CurrentVersion.targets(5034,5): warning MSB3026: Could not copy "C:\Users\marte\Documents\leanflow-agentic-mrp2-sovereign\src\LeanFlow.Application\bin\Debug\net8.0\LeanFlow.Application.dll" to "bin\Debug\net8.0\LeanFlow.Application.dll". Beginning retry 3 in 1000ms. The process cannot access the file 'C:\Users\marte\Documents\leanflow-agentic-mrp2-sovereign\src\LeanFlow.Api\bin\Debug\net8.0\LeanFlow.Application.dll' because it is being used by another process. The file is locked by: "LeanFlow.Api (16044)" [C:\Users\marte\Documents\leanflow-agentic-mrp2-sovereign\src\LeanFlow.Api\LeanFlow.Api.csproj]
C:\Program Files\dotnet\sdk\8.0.419\Microsoft.Common.CurrentVersion.targets(5034,5): warning MSB3026: Could not copy "C:\Users\marte\Documents\leanflow-agentic-mrp2-sovereign\src\LeanFlow.Domain\bin\Debug\net8.0\LeanFlow.Domain.dll" to "bin\Debug\net8.0\LeanFlow.Domain.dll". Beginning retry 3 in 1000ms. The process cannot access the file 'C:\Users\marte\Documents\leanflow-agentic-mrp2-sovereign\src\LeanFlow.Api\bin\Debug\net8.0\LeanFlow.Domain.dll' because it is being used by another process. The file is locked by: "LeanFlow.Api (16044)" [C:\Users\marte\Documents\leanflow-agentic-mrp2-sovereign\src\LeanFlow.Api\LeanFlow.Api.csproj]
C:\Program Files\dotnet\sdk\8.0.419\Microsoft.Common.CurrentVersion.targets(5034,5): warning MSB3026: Could not copy "C:\Users\marte\Documents\leanflow-agentic-mrp2-sovereign\src\LeanFlow.Domain\bin\Debug\net8.0\LeanFlow.Domain.dll" to "bin\Debug\net8.0\LeanFlow.Domain.dll". Beginning retry 4 in 1000ms. The process cannot access the file 'C:\Users\marte\Documents\leanflow-agentic-mrp2-sovereign\src\LeanFlow.Api\bin\Debug\net8.0\LeanFlow.Domain.dll' because it is being used by another process. The file is locked by: "LeanFlow.Api (16044)" [C:\Users\marte\Documents\leanflow-agentic-mrp2-sovereign\src\LeanFlow.Api\LeanFlow.Api.csproj]
C:\Program Files\dotnet\sdk\8.0.419\Microsoft.Common.CurrentVersion.targets(5034,5): warning MSB3026: Could not copy "C:\Users\marte\Documents\leanflow-agentic-mrp2-sovereign\src\LeanFlow.Application\bin\Debug\net8.0\LeanFlow.Application.dll" to "bin\Debug\net8.0\LeanFlow.Application.dll". Beginning retry 4 in 1000ms. The process cannot access the file 'C:\Users\marte\Documents\leanflow-agentic-mrp2-sovereign\src\LeanFlow.Api\bin\Debug\net8.0\LeanFlow.Application.dll' because it is being used by another process. The file is locked by: "LeanFlow.Api (16044)" [C:\Users\marte\Documents\leanflow-agentic-mrp2-sovereign\src\LeanFlow.Api\LeanFlow.Api.csproj]
C:\Program Files\dotnet\sdk\8.0.419\Microsoft.Common.CurrentVersion.targets(5034,5): warning MSB3026: Could not copy "C:\Users\marte\Documents\leanflow-agentic-mrp2-sovereign\src\LeanFlow.Application\bin\Debug\net8.0\LeanFlow.Application.dll" to "bin\Debug\net8.0\LeanFlow.Application.dll". Beginning retry 5 in 1000ms. The process cannot access the file 'C:\Users\marte\Documents\leanflow-agentic-mrp2-sovereign\src\LeanFlow.Api\bin\Debug\net8.0\LeanFlow.Application.dll' because it is being used by another process. The file is locked by: "LeanFlow.Api (16044)" [C:\Users\marte\Documents\leanflow-agentic-mrp2-sovereign\src\LeanFlow.Api\LeanFlow.Api.csproj]
C:\Program Files\dotnet\sdk\8.0.419\Microsoft.Common.CurrentVersion.targets(5034,5): warning MSB3026: Could not copy "C:\Users\marte\Documents\leanflow-agentic-mrp2-sovereign\src\LeanFlow.Domain\bin\Debug\net8.0\LeanFlow.Domain.dll" to "bin\Debug\net8.0\LeanFlow.Domain.dll". Beginning retry 5 in 1000ms. The process cannot access the file 'C:\Users\marte\Documents\leanflow-agentic-mrp2-sovereign\src\LeanFlow.Api\bin\Debug\net8.0\LeanFlow.Domain.dll' because it is being used by another process. The file is locked by: "LeanFlow.Api (16044)" [C:\Users\marte\Documents\leanflow-agentic-mrp2-sovereign\src\LeanFlow.Api\LeanFlow.Api.csproj]
C:\Program Files\dotnet\sdk\8.0.419\Microsoft.Common.CurrentVersion.targets(5034,5): warning MSB3026: Could not copy "C:\Users\marte\Documents\leanflow-agentic-mrp2-sovereign\src\LeanFlow.Application\bin\Debug\net8.0\LeanFlow.Application.dll" to "bin\Debug\net8.0\LeanFlow.Application.dll". Beginning retry 6 in 1000ms. The process cannot access the file 'C:\Users\marte\Documents\leanflow-agentic-mrp2-sovereign\src\LeanFlow.Api\bin\Debug\net8.0\LeanFlow.Application.dll' because it is being used by another process. The file is locked by: "LeanFlow.Api (16044)" [C:\Users\marte\Documents\leanflow-agentic-mrp2-sovereign\src\LeanFlow.Api\LeanFlow.Api.csproj]
C:\Program Files\dotnet\sdk\8.0.419\Microsoft.Common.CurrentVersion.targets(5034,5): warning MSB3026: Could not copy "C:\Users\marte\Documents\leanflow-agentic-mrp2-sovereign\src\LeanFlow.Domain\bin\Debug\net8.0\LeanFlow.Domain.dll" to "bin\Debug\net8.0\LeanFlow.Domain.dll". Beginning retry 6 in 1000ms. The process cannot access the file 'C:\Users\marte\Documents\leanflow-agentic-mrp2-sovereign\src\LeanFlow.Api\bin\Debug\net8.0\LeanFlow.Domain.dll' because it is being used by another process. The file is locked by: "LeanFlow.Api (16044)" [C:\Users\marte\Documents\leanflow-agentic-mrp2-sovereign\src\LeanFlow.Api\LeanFlow.Api.csproj]
C:\Program Files\dotnet\sdk\8.0.419\Microsoft.Common.CurrentVersion.targets(5034,5): warning MSB3026: Could not copy "C:\Users\marte\Documents\leanflow-agentic-mrp2-sovereign\src\LeanFlow.Application\bin\Debug\net8.0\LeanFlow.Application.dll" to "bin\Debug\net8.0\LeanFlow.Application.dll". Beginning retry 7 in 1000ms. The process cannot access the file 'C:\Users\marte\Documents\leanflow-agentic-mrp2-sovereign\src\LeanFlow.Api\bin\Debug\net8.0\LeanFlow.Application.dll' because it is being used by another process. The file is locked by: "LeanFlow.Api (16044)" [C:\Users\marte\Documents\leanflow-agentic-mrp2-sovereign\src\LeanFlow.Api\LeanFlow.Api.csproj]
C:\Program Files\dotnet\sdk\8.0.419\Microsoft.Common.CurrentVersion.targets(5034,5): warning MSB3026: Could not copy "C:\Users\marte\Documents\leanflow-agentic-mrp2-sovereign\src\LeanFlow.Domain\bin\Debug\net8.0\LeanFlow.Domain.dll" to "bin\Debug\net8.0\LeanFlow.Domain.dll". Beginning retry 7 in 1000ms. The process cannot access the file 'C:\Users\marte\Documents\leanflow-agentic-mrp2-sovereign\src\LeanFlow.Api\bin\Debug\net8.0\LeanFlow.Domain.dll' because it is being used by another process. The file is locked by: "LeanFlow.Api (16044)" [C:\Users\marte\Documents\leanflow-agentic-mrp2-sovereign\src\LeanFlow.Api\LeanFlow.Api.csproj]
C:\Program Files\dotnet\sdk\8.0.419\Microsoft.Common.CurrentVersion.targets(5034,5): warning MSB3026: Could not copy "C:\Users\marte\Documents\leanflow-agentic-mrp2-sovereign\src\LeanFlow.Application\bin\Debug\net8.0\LeanFlow.Application.dll" to "bin\Debug\net8.0\LeanFlow.Application.dll". Beginning retry 8 in 1000ms. The process cannot access the file 'C:\Users\marte\Documents\leanflow-agentic-mrp2-sovereign\src\LeanFlow.Api\bin\Debug\net8.0\LeanFlow.Application.dll' because it is being used by another process. The file is locked by: "LeanFlow.Api (16044)" [C:\Users\marte\Documents\leanflow-agentic-mrp2-sovereign\src\LeanFlow.Api\LeanFlow.Api.csproj]
C:\Program Files\dotnet\sdk\8.0.419\Microsoft.Common.CurrentVersion.targets(5034,5): warning MSB3026: Could not copy "C:\Users\marte\Documents\leanflow-agentic-mrp2-sovereign\src\LeanFlow.Domain\bin\Debug\net8.0\LeanFlow.Domain.dll" to "bin\Debug\net8.0\LeanFlow.Domain.dll". Beginning retry 8 in 1000ms. The process cannot access the file 'C:\Users\marte\Documents\leanflow-agentic-mrp2-sovereign\src\LeanFlow.Api\bin\Debug\net8.0\LeanFlow.Domain.dll' because it is being used by another process. The file is locked by: "LeanFlow.Api (16044)" [C:\Users\marte\Documents\leanflow-agentic-mrp2-sovereign\src\LeanFlow.Api\LeanFlow.Api.csproj]
C:\Program Files\dotnet\sdk\8.0.419\Microsoft.Common.CurrentVersion.targets(5034,5): warning MSB3026: Could not copy "C:\Users\marte\Documents\leanflow-agentic-mrp2-sovereign\src\LeanFlow.Application\bin\Debug\net8.0\LeanFlow.Application.dll" to "bin\Debug\net8.0\LeanFlow.Application.dll". Beginning retry 9 in 1000ms. The process cannot access the file 'C:\Users\marte\Documents\leanflow-agentic-mrp2-sovereign\src\LeanFlow.Api\bin\Debug\net8.0\LeanFlow.Application.dll' because it is being used by another process. The file is locked by: "LeanFlow.Api (16044)" [C:\Users\marte\Documents\leanflow-agentic-mrp2-sovereign\src\LeanFlow.Api\LeanFlow.Api.csproj]
C:\Program Files\dotnet\sdk\8.0.419\Microsoft.Common.CurrentVersion.targets(5034,5): warning MSB3026: Could not copy "C:\Users\marte\Documents\leanflow-agentic-mrp2-sovereign\src\LeanFlow.Domain\bin\Debug\net8.0\LeanFlow.Domain.dll" to "bin\Debug\net8.0\LeanFlow.Domain.dll". Beginning retry 9 in 1000ms. The process cannot access the file 'C:\Users\marte\Documents\leanflow-agentic-mrp2-sovereign\src\LeanFlow.Api\bin\Debug\net8.0\LeanFlow.Domain.dll' because it is being used by another process. The file is locked by: "LeanFlow.Api (16044)" [C:\Users\marte\Documents\leanflow-agentic-mrp2-sovereign\src\LeanFlow.Api\LeanFlow.Api.csproj]
C:\Program Files\dotnet\sdk\8.0.419\Microsoft.Common.CurrentVersion.targets(5034,5): warning MSB3026: Could not copy "C:\Users\marte\Documents\leanflow-agentic-mrp2-sovereign\src\LeanFlow.Application\bin\Debug\net8.0\LeanFlow.Application.dll" to "bin\Debug\net8.0\LeanFlow.Application.dll". Beginning retry 10 in 1000ms. The process cannot access the file 'C:\Users\marte\Documents\leanflow-agentic-mrp2-sovereign\src\LeanFlow.Api\bin\Debug\net8.0\LeanFlow.Application.dll' because it is being used by another process. The file is locked by: "LeanFlow.Api (16044)" [C:\Users\marte\Documents\leanflow-agentic-mrp2-sovereign\src\LeanFlow.Api\LeanFlow.Api.csproj]
C:\Program Files\dotnet\sdk\8.0.419\Microsoft.Common.CurrentVersion.targets(5034,5): warning MSB3026: Could not copy "C:\Users\marte\Documents\leanflow-agentic-mrp2-sovereign\src\LeanFlow.Domain\bin\Debug\net8.0\LeanFlow.Domain.dll" to "bin\Debug\net8.0\LeanFlow.Domain.dll". Beginning retry 10 in 1000ms. The process cannot access the file 'C:\Users\marte\Documents\leanflow-agentic-mrp2-sovereign\src\LeanFlow.Api\bin\Debug\net8.0\LeanFlow.Domain.dll' because it is being used by another process. The file is locked by: "LeanFlow.Api (16044)" [C:\Users\marte\Documents\leanflow-agentic-mrp2-sovereign\src\LeanFlow.Api\LeanFlow.Api.csproj]
C:\Program Files\dotnet\sdk\8.0.419\Microsoft.Common.CurrentVersion.targets(5034,5): error MSB3027: Could not copy "C:\Users\marte\Documents\leanflow-agentic-mrp2-sovereign\src\LeanFlow.Application\bin\Debug\net8.0\LeanFlow.Application.dll" to "bin\Debug\net8.0\LeanFlow.Application.dll". Exceeded retry count of 10. Failed. The file is locked by: "LeanFlow.Api (16044)" [C:\Users\marte\Documents\leanflow-agentic-mrp2-sovereign\src\LeanFlow.Api\LeanFlow.Api.csproj]
C:\Program Files\dotnet\sdk\8.0.419\Microsoft.Common.CurrentVersion.targets(5034,5): error MSB3021: Unable to copy file "C:\Users\marte\Documents\leanflow-agentic-mrp2-sovereign\src\LeanFlow.Application\bin\Debug\net8.0\LeanFlow.Application.dll" to "bin\Debug\net8.0\LeanFlow.Application.dll". The process cannot access the file 'C:\Users\marte\Documents\leanflow-agentic-mrp2-sovereign\src\LeanFlow.Api\bin\Debug\net8.0\LeanFlow.Application.dll' because it is being used by another process. [C:\Users\marte\Documents\leanflow-agentic-mrp2-sovereign\src\LeanFlow.Api\LeanFlow.Api.csproj]
C:\Program Files\dotnet\sdk\8.0.419\Microsoft.Common.CurrentVersion.targets(5034,5): error MSB3027: Could not copy "C:\Users\marte\Documents\leanflow-agentic-mrp2-sovereign\src\LeanFlow.Domain\bin\Debug\net8.0\LeanFlow.Domain.dll" to "bin\Debug\net8.0\LeanFlow.Domain.dll". Exceeded retry count of 10. Failed. The file is locked by: "LeanFlow.Api (16044)" [C:\Users\marte\Documents\leanflow-agentic-mrp2-sovereign\src\LeanFlow.Api\LeanFlow.Api.csproj]
C:\Program Files\dotnet\sdk\8.0.419\Microsoft.Common.CurrentVersion.targets(5034,5): error MSB3021: Unable to copy file "C:\Users\marte\Documents\leanflow-agentic-mrp2-sovereign\src\LeanFlow.Domain\bin\Debug\net8.0\LeanFlow.Domain.dll" to "bin\Debug\net8.0\LeanFlow.Domain.dll". The process cannot access the file 'C:\Users\marte\Documents\leanflow-agentic-mrp2-sovereign\src\LeanFlow.Api\bin\Debug\net8.0\LeanFlow.Domain.dll' because it is being used by another process. [C:\Users\marte\Documents\leanflow-agentic-mrp2-sovereign\src\LeanFlow.Api\LeanFlow.Api.csproj]
    28 Warning(s)
    4 Error(s)

Time Elapsed 00:00:14.54
